// Jest Snapshot v1, https://goo.gl/fbAQLP

exports[`Menu render menu 1`] = `
<div
  className="menu"
>
  <button
    onClick={[Function]}
  >
    Start
  </button>
</div>
`;
